# ========
10
# ========
12
# ========
1
# ========
2
# ========
4
# ========
8
# ========
10
# ========
12
# ========
1
# ========
4
# ========
6
# ========
8
# ========
10
# ========
12
# ========
1
# ========
3
# ========
5
# ========
1
# ========
1
# ========
1
# ========
1
# ========
2
# ========
4
# ========
6
# ========
8
# ========
10
# ========
12
# ========
1
# ========
4
# ========
6
# ========
10
